>>> func(1,2)
1 2 3 4 0 0
10
>>> func(11,22,33,44,55,66)
11 22 33 44 2 0
110
>>> func(1, 2, e=True)
1 2 3 4 0 1
10
>>> func(11,22,33,44,55,66,e=True,f=True)
11 22 33 44 2 2
110
>>> func()
1
>>> func()
2
