{"a":1,"b":2}
{"a":1.2}
["spam","egg"]
{"a_list":["spam","egg"]}
